pod yaml manifest
user1@balbertus-virtual-machine:~/PICK/kubernets_uncomplicated/day-2$ cat pod.yaml 
apiVersion: v1
kind: Pod
metadata:
  creationTimestamp: null
  labels:
    run: balbertus
    service: webserver
  name: balbertus
spec:
  containers:
  - image: nginx
    name: nginx
    resources: {}
  - image: httpd
    name: apache
  dnsPolicy: ClusterFirst
  restartPolicy: Always

##########Getting Containers name at a pod####################################
#kubectl get pods
#kubectl describe <pod name>

user1@balbertus-virtual-machine:~/PICK/kubernets_uncomplicated/day-2$ kubectl get pods
NAME        READY   STATUS             RESTARTS      AGE
balbertus   1/2     CrashLoopBackOff   6 (43s ago)   7m3s
mynginx     1/1     Running            1 (80m ago)   24h
user1@balbertus-virtual-machine:~/PICK/kubernets_uncomplicated/day-2$ kubectl describe pod balbertus
Name:             balbertus
Namespace:        default
Priority:         0
Service Account:  default
Node:             kind-worker/172.18.0.3
Start Time:       Tue, 15 Jul 2025 15:49:43 -0300
Labels:           run=balbertus
                  service=webserver
Annotations:      <none>
Status:           Running
IP:               10.244.2.3
IPs:
  IP:  10.244.2.3
Containers:
  nginx:
    Container ID:   containerd://adb6918d671c1cb9bb0253995e03f65548f56a9cb876dd610d287c462a36c8b7
    Image:          nginx
    Image ID:       docker.io/library/nginx@sha256:f5c017fb33c6db484545793ffb67db51cdd7daebee472104612f73a85063f889
    Port:           <none>
    Host Port:      <none>
    State:          Running
      Started:      Tue, 15 Jul 2025 15:50:02 -0300
    Ready:          True
    Restart Count:  0
    Environment:    <none>
    Mounts:
      /var/run/secrets/kubernetes.io/serviceaccount from kube-api-access-pcfqj (ro)
  apache:
    Container ID:   containerd://81e866672a50fc08f2e8a79fd2bb0e23c64313fc665c785db61e3f32c5a760d5
    Image:          httpd
    Image ID:       docker.io/library/httpd@sha256:f84fe51ff5d35124e024f51215b443b16c939b24eae747025a515200e71c7d07
    Port:           <none>
    Host Port:      <none>
    State:          Waiting
      Reason:       CrashLoopBackOff
    Last State:     Terminated
      Reason:       Error
      Exit Code:    1
      Started:      Tue, 15 Jul 2025 15:56:03 -0300
      Finished:     Tue, 15 Jul 2025 15:56:03 -0300
    Ready:          False
    Restart Count:  6
    Environment:    <none>
    Mounts:
      /var/run/secrets/kubernetes.io/serviceaccount from kube-api-access-pcfqj (ro)
Conditions:
  Type                        Status
  PodReadyToStartContainers   True 
  Initialized                 True 
  Ready                       False 
  ContainersReady             False 
  PodScheduled                True 
Volumes:
  kube-api-access-pcfqj:
    Type:                    Projected (a volume that contains injected data from multiple sources)
    TokenExpirationSeconds:  3607
    ConfigMapName:           kube-root-ca.crt
    Optional:                false
    DownwardAPI:             true
QoS Class:                   BestEffort
Node-Selectors:              <none>
Tolerations:                 node.kubernetes.io/not-ready:NoExecute op=Exists for 300s
                             node.kubernetes.io/unreachable:NoExecute op=Exists for 300s
Events:
  Type     Reason     Age                    From               Message
  ----     ------     ----                   ----               -------
  Normal   Scheduled  7m19s                  default-scheduler  Successfully assigned default/balbertus to kind-worker
  Normal   Pulling    7m18s                  kubelet            Pulling image "nginx"
  Normal   Pulled     7m                     kubelet            Successfully pulled image "nginx" in 17.973s (17.973s including waiting). Image size: 72223778 bytes.
  Normal   Created    7m                     kubelet            Created container: nginx
  Normal   Started    7m                     kubelet            Started container nginx
  Normal   Pulled     6m51s                  kubelet            Successfully pulled image "httpd" in 9.435s (9.435s including waiting). Image size: 58526745 bytes.
  Normal   Pulled     6m48s                  kubelet            Successfully pulled image "httpd" in 1.409s (1.409s including waiting). Image size: 58526745 bytes.
  Normal   Pulled     6m33s                  kubelet            Successfully pulled image "httpd" in 1.465s (1.465s including waiting). Image size: 58526745 bytes.
  Normal   Pulled     6m7s                   kubelet            Successfully pulled image "httpd" in 1.379s (1.379s including waiting). Image size: 58526745 bytes.
  Normal   Created    5m13s (x5 over 6m50s)  kubelet            Created container: apache
  Normal   Started    5m13s (x5 over 6m50s)  kubelet            Started container apache
  Normal   Pulled     5m13s                  kubelet            Successfully pulled image "httpd" in 1.471s (1.471s including waiting). Image size: 58526745 bytes.
  Warning  BackOff    83s (x26 over 6m47s)   kubelet            Back-off restarting failed container apache in pod balbertus_default(67ee3db3-90c9-4df2-8d14-fc2ac788e28a)
  Normal   Pulling    61s (x7 over 7m)       kubelet            Pulling image "httpd"
user1@balbertus-virtual-machine:~/PICK/kubernets_uncomplicated/day-2$

##########Getting erros and Logs at pod.yaml file#############################
#kubectl logs <pod> -c <container>
user1@balbertus-virtual-machine:~/PICK/kubernets_uncomplicated/day-2$ kubectl logs balbertus -c apache
AH00558: httpd: Could not reliably determine the server's fully qualified domain name, using 10.244.2.3. Set the 'ServerName' directive globally to suppress this message
(98)Address already in use: AH00072: make_sock: could not bind to address [::]:80 'essa linha mostra conflito da porta 80 para o apache j√° em uso pelo nginx'
(98)Address already in use: AH00072: make_sock: could not bind to address 0.0.0.0:80
no listening sockets available, shutting down
AH00015: Unable to open logs
user1@balbertus-virtual-machine:~/PICK/kubernets_uncomplicated/day-2$ kubectl logs balbertus -c nginx
/docker-entrypoint.sh: /docker-entrypoint.d/ is not empty, will attempt to perform configuration
/docker-entrypoint.sh: Looking for shell scripts in /docker-entrypoint.d/
/docker-entrypoint.sh: Launching /docker-entrypoint.d/10-listen-on-ipv6-by-default.sh
10-listen-on-ipv6-by-default.sh: info: Getting the checksum of /etc/nginx/conf.d/default.conf
10-listen-on-ipv6-by-default.sh: info: Enabled listen on IPv6 in /etc/nginx/conf.d/default.conf
/docker-entrypoint.sh: Sourcing /docker-entrypoint.d/15-local-resolvers.envsh
/docker-entrypoint.sh: Launching /docker-entrypoint.d/20-envsubst-on-templates.sh
/docker-entrypoint.sh: Launching /docker-entrypoint.d/30-tune-worker-processes.sh
/docker-entrypoint.sh: Configuration complete; ready for start up
2025/07/15 18:50:02 [notice] 1#1: using the "epoll" event method
2025/07/15 18:50:02 [notice] 1#1: nginx/1.29.0
2025/07/15 18:50:02 [notice] 1#1: built by gcc 12.2.0 (Debian 12.2.0-14+deb12u1) 
2025/07/15 18:50:02 [notice] 1#1: OS: Linux 6.8.0-63-generic
2025/07/15 18:50:02 [notice] 1#1: getrlimit(RLIMIT_NOFILE): 1048576:1048576
2025/07/15 18:50:02 [notice] 1#1: start worker processes
2025/07/15 18:50:02 [notice] 1#1: start worker process 35
2025/07/15 18:50:02 [notice] 1#1: start worker process 36
user1@balbertus-virtual-machine:~/PICK/kubernets_uncomplicated/day-2$ 

###########see 1/2 instead of 2/2##############################################
 kubectl get pods
NAME        READY   STATUS             RESTARTS       AGE
balbertus   1/2     CrashLoopBackOff   7 (3m3s ago)   14m

############runing 2 containers just one webservices###########################
user1@balbertus-virtual-machine:~/PICK/kubernets_uncomplicated/day-2$ kubectl create -f pod.yaml
pod/balbertus created
user1@balbertus-virtual-machine:~/PICK/kubernets_uncomplicated/day-2$ kubectl get pods
NAME        READY   STATUS    RESTARTS   AGE
balbertus   2/2     Running   0          9s
user1@balbertus-virtual-machine:~/PICK/kubernets_uncomplicated/day-2$ kubectl describe pod balbertus
Name:             balbertus
Namespace:        default
Priority:         0
Service Account:  default
Node:             kind-worker2/172.18.0.2
Start Time:       Tue, 15 Jul 2025 16:46:14 -0300
Labels:           run=balbertus
Annotations:      <none>
Status:           Running
IP:               10.244.1.10
IPs:
  IP:  10.244.1.10
Containers:
  nginx:
    Container ID:   containerd://2fd3a394b431d6059dbe20163dfce80ea5c9293de4007778ce1232ee84ceac12
    Image:          nginx
    Image ID:       docker.io/library/nginx@sha256:f5c017fb33c6db484545793ffb67db51cdd7daebee472104612f73a85063f889
    Port:           <none>
    Host Port:      <none>
    State:          Running
      Started:      Tue, 15 Jul 2025 16:46:16 -0300
    Ready:          True
    Restart Count:  0
    Environment:    <none>
    Mounts:
      /var/run/secrets/kubernetes.io/serviceaccount from kube-api-access-7dxf5 (ro)
  busybox:
    Container ID:  containerd://0f170349e577c6df2de4cc13fc22c8fa0dca4d103f3582e6a29ef839d13a7950
    Image:         busybox
    Image ID:      docker.io/library/busybox@sha256:f85340bf132ae937d2c2a763b8335c9bab35d6e8293f70f606b9c6178d84f42b
    Port:          <none>
    Host Port:     <none>
    Args:
      sleep
      200
    State:          Running
      Started:      Tue, 15 Jul 2025 16:46:20 -0300
    Ready:          True
    Restart Count:  0
    Environment:    <none>
    Mounts:
      /var/run/secrets/kubernetes.io/serviceaccount from kube-api-access-7dxf5 (ro)
Conditions:
  Type                        Status
  PodReadyToStartContainers   True 
  Initialized                 True 
  Ready                       True 
  ContainersReady             True 
  PodScheduled                True 
Volumes:
  kube-api-access-7dxf5:
    Type:                    Projected (a volume that contains injected data from multiple sources)
    TokenExpirationSeconds:  3607
    ConfigMapName:           kube-root-ca.crt
    Optional:                false
    DownwardAPI:             true
QoS Class:                   BestEffort
Node-Selectors:              <none>
Tolerations:                 node.kubernetes.io/not-ready:NoExecute op=Exists for 300s
                             node.kubernetes.io/unreachable:NoExecute op=Exists for 300s
Events:
  Type    Reason     Age   From               Message
  ----    ------     ----  ----               -------
  Normal  Scheduled  42s   default-scheduler  Successfully assigned default/balbertus to kind-worker2
  Normal  Pulling    42s   kubelet            Pulling image "nginx"
  Normal  Pulled     40s   kubelet            Successfully pulled image "nginx" in 1.497s (1.497s including waiting). Image size: 72223778 bytes.
  Normal  Created    40s   kubelet            Created container: nginx
  Normal  Started    40s   kubelet            Started container nginx
  Normal  Pulling    40s   kubelet            Pulling image "busybox"
  Normal  Pulled     36s   kubelet            Successfully pulled image "busybox" in 4.361s (4.361s including waiting). Image size: 2156518 bytes.
  Normal  Created    36s   kubelet            Created container: busybox
  Normal  Started    36s   kubelet            Started container busybox
user1@balbertus-virtual-machine:~/PICK/kubernets_uncomplicated/day-2$

